
> synaptic@0.1.0 build
> tsc && vite build

[36mvite v7.3.0 [32mbuilding client environment for production...[36m[39m
transforming...
[32mΓ£ô[39m 1605 modules transformed.
rendering chunks...
computing gzip size...
[2mdist/[22m[32mindex.html                 [39m[1m[2m  0.49 kB[22m[1m[22m[2m Γöé gzip:  0.31 kB[22m
[2mdist/[22m[35massets/index-DJLtfT7c.css  [39m[1m[2m 18.64 kB[22m[1m[22m[2m Γöé gzip:  4.51 kB[22m
[2mdist/[22m[36massets/index-I84CavwN.js   [39m[1m[2m241.74 kB[22m[1m[22m[2m Γöé gzip: 76.21 kB[22m
[32mΓ£ô built in 3.03s[39m
