src/components/layout/Sidebar.tsx(1,45): error TS6133: 'Menu' is declared but its value is never read.
src/components/servers/ServerCard.tsx(1,17): error TS6133: 'MoreVertical' is declared but its value is never read.
